1.ubuntu@worker01:/home$ sudo cat /etc/shells
# /etc/shells: valid login shells
/bin/sh
/bin/bash
/usr/bin/bash
/bin/rbash
/usr/bin/rbash
/bin/dash
/usr/bin/dash
/usr/bin/tmux
/usr/bin/screen
----------------------------------------------------------------------------------------------------------------------------------------------------------------------------------
2. Executiion of the shell files
root@worker01-node:/home/ubuntu# vim first.sh
#! /bin/bash
echo "Hello World"
root@worker01-node:/home# chmod +x first.sh
root@worker01-node:/home# ./ first.sh
bash: ./: Is a directory
root@worker01-node:/home# ./first.sh
Hello World
------------------------------------------------------------------------------------------------------------------------------------------------------------------------------------------
3. Variables
#! /bin/bash
echo $HOME
echo $BASH_VERSION
echo $PWD

root@worker01-node:/home# ./varibale.sh
/root
5.0.17(1)-release
/home

#! /bin/bash
name=allisha
std=B
10val=1345
echo $name
echo my name is $name
echo my section is $std
echo my value is $10val
echo my value is $10val

root@worker01-node:/home# ./varibale.sh
./varibale.sh: line 4: 10val=1345: command not found # variable cannot start with the numbers
allisha
my name is allisha
my section is B
my value is 0val
my value is 0val
---------------------------------------------------------------------------------------------------------------------------------------------------------------------------------------------------------------------
4.Get the input from the user
echo "enter names"
read name1 name2 name3
echo The names are $name1 $name2 $name3

root@worker01-node:/home# ./varibale.sh
enter names
tom ravi gopi buntu jaeely
The names are tom ravi gopi buntu jaeely

#! /bin/bash
read -p 'username:' user
read -sp 'password:' pass
echo
echo username: $user
echo your password is: $pass

root@worker01-node:/home# ./varibale.sh
username:user
password:
username: user
your password is: lll
----------------------------------------------------------------------------------------------------------------------------------------------------------------------------------------------------------------------
5. Array
#! /bin/bash
echo "enter names:"
read -a names
echo names are ${names[0]} ${names[1]} ${names[2]}

root@worker01-node:/home# ./array.sh
enter names:
tommy bunny huran juran manu janu
names are tommy bunny huran

#! /bin/bash
echo "enter names:"
read
echo names are $REPLY

root@worker01-node:/home# ./array.sh
enter names:
nunu nano janu banu kanu ladu karina
names are nunu nano janu banu kanu ladu karina
------------------------------------------------------------------------------------------------------------------------------------------------------------------------------------------------------------------------------------
Arguments
$0 -The filename of the current script.
$n-These variables correspond to the arguments with which a script was invoked. Here n is a positive decimal number corresponding to the position of an argument (the first argument is $1, the second argument is $2, and so on).
$#-The number of arguments supplied to a script.
$*-All the arguments are double quoted. If a script receives two arguments, $* is equivalent to $1 $2.	
$@-All the arguments are individually double quoted. If a script receives two arguments, $@ is equivalent\ to $1 $2.
$?-The exit status of the last command executed.
$$-The process number of the current shell. For shell scripts, this is the process ID under which they are executing.
$-The process number of the last background command.
